label,h_index1,year_gap1,citation_count1,contradicted_by_later1,citations_hIndex_wavg1
0.0,50,4,4,0,5.0
0.0,60,4,4,0,5.0
