label,h_index1,stance_score1,year_gap1,citation_count1,contradicted_by_later1,citations_hIndex_wavg1
2.0,10,3,4,4,0,5.0
4.0,30,1,4,4,0,5.0
0.0,40,5,4,4,0,5.0
